[INFO] Scanning for projects...
[INFO] 
[INFO] -----------------------< org.example:EventiaPro >-----------------------
[INFO] Building EventiaPro 1.0-SNAPSHOT
[INFO]   from pom.xml
[INFO] --------------------------------[ war ]---------------------------------
[INFO] 
[INFO] --- clean:3.2.0:clean (default-clean) @ EventiaPro ---
[INFO] Deleting C:\Users\HP\IdeaProjects\EventiaPro\target
[INFO] 
[INFO] --- resources:3.3.1:resources (default-resources) @ EventiaPro ---
[INFO] Copying 1 resource from src\main\resources to target\classes
[INFO] 
[INFO] --- compiler:3.11.0:compile (default-compile) @ EventiaPro ---
[INFO] Changes detected - recompiling the module! :source
[INFO] Compiling 38 source files with javac [debug target 17] to target\classes
[INFO] -------------------------------------------------------------
[ERROR] COMPILATION ERROR : 
[INFO] -------------------------------------------------------------
[ERROR] /C:/Users/HP/IdeaProjects/EventiaPro/src/main/java/org/example/eventiapro/controller/AdminServlet.java:[470,9] cannot find symbol
  symbol:   class HttpSession
  location: class org.example.eventiapro.controller.AdminServlet
[ERROR] /C:/Users/HP/IdeaProjects/EventiaPro/src/main/java/org/example/eventiapro/controller/UserServlet.java:[122,17] cannot find symbol
  symbol:   variable action
  location: class org.example.eventiapro.controller.UserServlet
[ERROR] /C:/Users/HP/IdeaProjects/EventiaPro/src/main/java/org/example/eventiapro/controller/UserServlet.java:[122,34] cannot find symbol
  symbol:   variable action
  location: class org.example.eventiapro.controller.UserServlet
[INFO] 3 errors 
[INFO] -------------------------------------------------------------
[INFO] ------------------------------------------------------------------------
[INFO] BUILD FAILURE
[INFO] ------------------------------------------------------------------------
[INFO] Total time:  5.047 s
[INFO] Finished at: 2026-03-02T19:31:38+02:00
[INFO] ------------------------------------------------------------------------
[ERROR] Failed to execute goal org.apache.maven.plugins:maven-compiler-plugin:3.11.0:compile (default-compile) on project EventiaPro: Compilation failure: Compilation failure: 
[ERROR] /C:/Users/HP/IdeaProjects/EventiaPro/src/main/java/org/example/eventiapro/controller/AdminServlet.java:[470,9] cannot find symbol
[ERROR]   symbol:   class HttpSession
[ERROR]   location: class org.example.eventiapro.controller.AdminServlet
[ERROR] /C:/Users/HP/IdeaProjects/EventiaPro/src/main/java/org/example/eventiapro/controller/UserServlet.java:[122,17] cannot find symbol
[ERROR]   symbol:   variable action
[ERROR]   location: class org.example.eventiapro.controller.UserServlet
[ERROR] /C:/Users/HP/IdeaProjects/EventiaPro/src/main/java/org/example/eventiapro/controller/UserServlet.java:[122,34] cannot find symbol
[ERROR]   symbol:   variable action
[ERROR]   location: class org.example.eventiapro.controller.UserServlet
[ERROR] -> [Help 1]
[ERROR] 
[ERROR] To see the full stack trace of the errors, re-run Maven with the -e switch.
[ERROR] Re-run Maven using the -X switch to enable full debug logging.
[ERROR] 
[ERROR] For more information about the errors and possible solutions, please read the following articles:
[ERROR] [Help 1] http://cwiki.apache.org/confluence/display/MAVEN/MojoFailureException
