[INFO] Scanning for projects...
[INFO] 
[INFO] -----------------------< org.example:EventiaPro >-----------------------
[INFO] Building EventiaPro 1.0-SNAPSHOT
[INFO]   from pom.xml
[INFO] --------------------------------[ war ]---------------------------------
[INFO] 
[INFO] --- clean:3.2.0:clean (default-clean) @ EventiaPro ---
[INFO] Deleting C:\Users\HP\IdeaProjects\EventiaPro\target
[INFO] 
[INFO] --- resources:3.3.1:resources (default-resources) @ EventiaPro ---
[INFO] Copying 1 resource from src\main\resources to target\classes
[INFO] 
[INFO] --- compiler:3.11.0:compile (default-compile) @ EventiaPro ---
[INFO] Changes detected - recompiling the module! :source
[INFO] Compiling 40 source files with javac [debug target 17] to target\classes
[INFO] -------------------------------------------------------------
[ERROR] COMPILATION ERROR : 
[INFO] -------------------------------------------------------------
[ERROR] /C:/Users/HP/IdeaProjects/EventiaPro/src/main/java/org/example/eventiapro/websocket/NotificationWebSocket.java:[38,26] illegal start of expression
[INFO] 1 error
[INFO] -------------------------------------------------------------
[INFO] ------------------------------------------------------------------------
[INFO] BUILD FAILURE
[INFO] ------------------------------------------------------------------------
[INFO] Total time:  2.236 s
[INFO] Finished at: 2026-03-11T19:20:45+02:00
[INFO] ------------------------------------------------------------------------
[ERROR] Failed to execute goal org.apache.maven.plugins:maven-compiler-plugin:3.11.0:compile (default-compile) on project EventiaPro: Compilation failure
[ERROR] /C:/Users/HP/IdeaProjects/EventiaPro/src/main/java/org/example/eventiapro/websocket/NotificationWebSocket.java:[38,26] illegal start of expression
[ERROR] 
[ERROR] -> [Help 1]
[ERROR] 
[ERROR] To see the full stack trace of the errors, re-run Maven with the -e switch.
[ERROR] Re-run Maven using the -X switch to enable full debug logging.
[ERROR] 
[ERROR] For more information about the errors and possible solutions, please read the following articles:
[ERROR] [Help 1] http://cwiki.apache.org/confluence/display/MAVEN/MojoFailureException
